
Allocating common symbols
Common symbol       size              file

argv                0x40              build/shell.o
kbd_buf             0x6c              build/keyboard.o
root_dir            0x208             build/dir.o
thread_ready_list   0x10              build/thread.o
tss                 0x6c              build/tss.o
thread_all_list     0x10              build/thread.o
user_pool           0x2c              build/memory.o
channel_cnt         0x1               build/ide.o
cur_part            0x4               build/fs.o
k_block_descs       0xa8              build/memory.o
idle_thread         0x4               build/thread.o
intr_name           0x204             build/interrupt.o
main_thread         0x4               build/thread.o
channels            0xcc0             build/ide.o
ticks               0x4               build/timer.o
kernel_vaddr        0xc               build/memory.o
syscall_table       0x80              build/syscall-init.o
idt_table           0x204             build/interrupt.o
file_table          0x180             build/file.o
partition_list      0x10              build/ide.o
kernel_pool         0x2c              build/memory.o
pid_lock            0x1c              build/thread.o

Discarded input sections

 .note.GNU-stack
                0x0000000000000000        0x0 build/main.o
 .note.GNU-stack
                0x0000000000000000        0x0 build/init.o
 .note.GNU-stack
                0x0000000000000000        0x0 build/interrupt.o
 .note.GNU-stack
                0x0000000000000000        0x0 build/timer.o
 .note.GNU-stack
                0x0000000000000000        0x0 build/debug.o
 .note.GNU-stack
                0x0000000000000000        0x0 build/string.o
 .note.GNU-stack
                0x0000000000000000        0x0 build/bitmap.o
 .note.GNU-stack
                0x0000000000000000        0x0 build/memory.o
 .note.GNU-stack
                0x0000000000000000        0x0 build/thread.o
 .note.GNU-stack
                0x0000000000000000        0x0 build/list.o
 .note.GNU-stack
                0x0000000000000000        0x0 build/sync.o
 .note.GNU-stack
                0x0000000000000000        0x0 build/console.o
 .note.GNU-stack
                0x0000000000000000        0x0 build/keyboard.o
 .note.GNU-stack
                0x0000000000000000        0x0 build/ioqueue.o
 .note.GNU-stack
                0x0000000000000000        0x0 build/tss.o
 .note.GNU-stack
                0x0000000000000000        0x0 build/process.o
 .note.GNU-stack
                0x0000000000000000        0x0 build/syscall.o
 .note.GNU-stack
                0x0000000000000000        0x0 build/syscall-init.o
 .note.GNU-stack
                0x0000000000000000        0x0 build/stdio.o
 .note.GNU-stack
                0x0000000000000000        0x0 build/ide.o
 .note.GNU-stack
                0x0000000000000000        0x0 build/stdio-kernel.o
 .note.GNU-stack
                0x0000000000000000        0x0 build/fs.o
 .note.GNU-stack
                0x0000000000000000        0x0 build/file.o
 .note.GNU-stack
                0x0000000000000000        0x0 build/dir.o
 .note.GNU-stack
                0x0000000000000000        0x0 build/inode.o
 .note.GNU-stack
                0x0000000000000000        0x0 build/fork.o
 .note.GNU-stack
                0x0000000000000000        0x0 build/shell.o
 .note.GNU-stack
                0x0000000000000000        0x0 build/buildin_cmd.o

Memory Configuration

Name             Origin             Length             Attributes
*default*        0x0000000000000000 0xffffffffffffffff

Linker script and memory map

Address of section .text set to 0xc0001500
LOAD build/main.o
LOAD build/init.o
LOAD build/interrupt.o
LOAD build/timer.o
LOAD build/kernel.o
LOAD build/print.o
LOAD build/debug.o
LOAD build/string.o
LOAD build/bitmap.o
LOAD build/memory.o
LOAD build/thread.o
LOAD build/list.o
LOAD build/switch.o
LOAD build/sync.o
LOAD build/console.o
LOAD build/keyboard.o
LOAD build/ioqueue.o
LOAD build/tss.o
LOAD build/process.o
LOAD build/syscall.o
LOAD build/syscall-init.o
LOAD build/stdio.o
LOAD build/ide.o
LOAD build/stdio-kernel.o
LOAD build/fs.o
LOAD build/file.o
LOAD build/dir.o
LOAD build/inode.o
LOAD build/fork.o
LOAD build/shell.o
LOAD build/buildin_cmd.o
                [!provide]                        PROVIDE (__executable_start, 0x8048000)
                0x0000000008048094                . = (0x8048000 + SIZEOF_HEADERS)

.interp
 *(.interp)

.note.gnu.build-id
 *(.note.gnu.build-id)

.hash
 *(.hash)

.gnu.hash
 *(.gnu.hash)

.dynsym
 *(.dynsym)

.dynstr
 *(.dynstr)

.gnu.version
 *(.gnu.version)

.gnu.version_d
 *(.gnu.version_d)

.gnu.version_r
 *(.gnu.version_r)

.rel.dyn        0x0000000008048094        0x0
 *(.rel.init)
 *(.rel.text .rel.text.* .rel.gnu.linkonce.t.*)
 .rel.text      0x0000000008048094        0x0 build/main.o
 *(.rel.fini)
 *(.rel.rodata .rel.rodata.* .rel.gnu.linkonce.r.*)
 *(.rel.data.rel.ro .rel.data.rel.ro.* .rel.gnu.linkonce.d.rel.ro.*)
 *(.rel.data .rel.data.* .rel.gnu.linkonce.d.*)
 *(.rel.tdata .rel.tdata.* .rel.gnu.linkonce.td.*)
 *(.rel.tbss .rel.tbss.* .rel.gnu.linkonce.tb.*)
 *(.rel.ctors)
 *(.rel.dtors)
 *(.rel.got)
 *(.rel.bss .rel.bss.* .rel.gnu.linkonce.b.*)
 *(.rel.ifunc)

.rel.plt        0x0000000008048094        0x0
 *(.rel.plt)
                [!provide]                        PROVIDE (__rel_iplt_start, .)
 *(.rel.iplt)
                [!provide]                        PROVIDE (__rel_iplt_end, .)

.init
 *(SORT(.init))

.plt
 *(.plt)
 *(.iplt)

.plt.got
 *(.plt.got)

.text           0x00000000c0001500     0xb5c4
 *(.text.unlikely .text.*_unlikely .text.unlikely.*)
 *(.text.exit .text.exit.*)
 *(.text.startup .text.startup.*)
 *(.text.hot .text.hot.*)
 *(.text .stub .text.* .gnu.linkonce.t.*)
 .text          0x00000000c0001500       0x6f build/main.o
                0x00000000c0001500                main
                0x00000000c000152d                init
 .text          0x00000000c000156f       0x4b build/init.o
                0x00000000c000156f                init_all
 .text          0x00000000c00015ba      0x480 build/interrupt.o
                0x00000000c0001928                intr_enable
                0x00000000c0001951                intr_disable
                0x00000000c000197a                intr_set_status
                0x00000000c0001998                intr_get_status
                0x00000000c00019bc                register_handler
                0x00000000c00019d8                idt_init
 .text          0x00000000c0001a3a      0x209 build/timer.o
                0x00000000c0001b91                mtime_sleep
                0x00000000c0001be3                timer_init
 *fill*         0x00000000c0001c43        0xd 
 .text          0x00000000c0001c50      0x55e build/kernel.o
                0x00000000c0001c50                intr_exit
                0x00000000c000218a                syscall_handler
 *fill*         0x00000000c00021ae        0x2 
 .text          0x00000000c00021b0      0x1b6 build/print.o
                0x00000000c00021b0                put_str
                0x00000000c00021ce                put_char
                0x00000000c00022a0                put_int
                0x00000000c0002303                set_cursor
                0x00000000c0002327                cls_screen
 .text          0x00000000c0002366       0xa5 build/debug.o
                0x00000000c0002366                panic_spin
 .text          0x00000000c000240b      0x44a build/string.o
                0x00000000c000240b                memset
                0x00000000c0002467                memcpy
                0x00000000c00024d3                memcmp
                0x00000000c0002564                strcpy
                0x00000000c00025c6                strlen
                0x00000000c000261c                strcmp
                0x00000000c00026a3                strchr
                0x00000000c0002708                strrchr
                0x00000000c0002771                strcat
                0x00000000c00027e8                strchrs
 .text          0x00000000c0002855      0x266 build/bitmap.o
                0x00000000c0002855                bitmap_init
                0x00000000c000287c                bitmap_scan_test
                0x00000000c00028bc                bitmap_scan
                0x00000000c0002a00                bitmap_set
 .text          0x00000000c0002abb     0x1193 build/memory.o
                0x00000000c0002beb                pte_ptr
                0x00000000c0002c1b                pde_ptr
                0x00000000c0002dcc                malloc_page
                0x00000000c0002e61                get_kernel_pages
                0x00000000c0002ebd                get_user_pages
                0x00000000c0002f19                get_a_page
                0x00000000c000309f                addr_v2p
                0x00000000c00030cb                block_desc_init
                0x00000000c0003180                sys_malloc
                0x00000000c00034af                pfree
                0x00000000c00035f2                mfree_page
                0x00000000c00037cf                sys_free
                0x00000000c00039d0                get_a_page_without_opvaddrbitmap
                0x00000000c0003c0d                mem_init
 .text          0x00000000c0003c4e      0xafe build/thread.o
                0x00000000c0003c64                running_thread
                0x00000000c0003cc8                thread_create
                0x00000000c0003d3e                init_thread
                0x00000000c0003e47                thread_start
                0x00000000c0003fc2                schedule
                0x00000000c0004112                thread_block
                0x00000000c0004179                thread_unblock
                0x00000000c0004284                thread_yield
                0x00000000c000430a                fork_pid
                0x00000000c0004679                sys_ps
                0x00000000c00046c6                thread_init
 .text          0x00000000c000474c      0x1e3 build/list.o
                0x00000000c000474c                list_init
                0x00000000c0004779                list_insert_before
                0x00000000c00047ba                list_push
                0x00000000c00047d7                list_append
                0x00000000c00047f4                list_remove
                0x00000000c000482a                list_pop
                0x00000000c0004849                elem_find
                0x00000000c0004884                list_traversal
                0x00000000c00048e1                list_len
                0x00000000c0004916                list_empty
 *fill*         0x00000000c000492f        0x1 
 .text          0x00000000c0004930       0x15 build/switch.o
                0x00000000c0004930                switch_to
 .text          0x00000000c0004945      0x347 build/sync.o
                0x00000000c0004945                sema_init
                0x00000000c000496a                lock_init
                0x00000000c000499b                sema_down
                0x00000000c0004aaf                sema_up
                0x00000000c0004b65                lock_acquire
                0x00000000c0004be1                lock_release
 .text          0x00000000c0004c8c       0x9a build/console.o
                0x00000000c0004c8c                console_init
                0x00000000c0004ca0                console_acquire
                0x00000000c0004cb4                console_release
                0x00000000c0004cc8                console_put_str
                0x00000000c0004ce5                console_put_char
                0x00000000c0004d09                console_put_int
 .text          0x00000000c0004d26      0x2dd build/keyboard.o
                0x00000000c0004fc3                keyboard_init
 .text          0x00000000c0005003      0x2ef build/ioqueue.o
                0x00000000c0005003                ioqueue_init
                0x00000000c000505e                ioq_full
                0x00000000c00050af                ioq_empty
                0x00000000c0005196                ioq_getchar
                0x00000000c0005243                ioq_putchar
 .text          0x00000000c00052f2      0x1af build/tss.o
                0x00000000c00052f2                update_tss_esp
                0x00000000c0005304                make_gdt_desc
                0x00000000c0005373                tss_init
 .text          0x00000000c00054a1      0x365 build/process.o
                0x00000000c00054a1                start_process
                0x00000000c00055a7                page_dir_activate
                0x00000000c00055d7                process_activate
                0x00000000c0005629                create_page_dir
                0x00000000c000569a                create_user_vaddr_bitmap
                0x00000000c00056dc                process_execute
 .text          0x00000000c0005806      0x29d build/syscall.o
                0x00000000c0005806                getpid
                0x00000000c000581b                write
                0x00000000c000583e                malloc
                0x00000000c000585d                free
                0x00000000c0005879                fork
                0x00000000c000588e                read
                0x00000000c00058b1                putchar
                0x00000000c00058d4                clear
                0x00000000c00058e6                getcwd
                0x00000000c0005908                open
                0x00000000c0005931                close
                0x00000000c0005950                lseek
                0x00000000c000597a                unlink
                0x00000000c0005999                mkdir
                0x00000000c00059b8                opendir
                0x00000000c00059d7                closedir
                0x00000000c00059f6                rmdir
                0x00000000c0005a15                readdir
                0x00000000c0005a34                rewinddir
                0x00000000c0005a50                stat
                0x00000000c0005a72                chdir
                0x00000000c0005a91                ps
 .text          0x00000000c0005aa3      0x10e build/syscall-init.o
                0x00000000c0005aa3                sys_getpid
                0x00000000c0005ab5                syscall_init
 .text          0x00000000c0005bb1      0x2b7 build/stdio.o
                0x00000000c0005c38                vsprintf
                0x00000000c0005db8                printf
                0x00000000c0005e34                sprintf
 .text          0x00000000c0005e68      0xe04 build/ide.o
                0x00000000c0006182                ide_read
                0x00000000c0006310                ide_write
                0x00000000c000649e                intr_hd_handler
                0x00000000c0006a63                ide_init
 .text          0x00000000c0006c6c       0x62 build/stdio-kernel.o
                0x00000000c0006c6c                printk
 .text          0x00000000c0006cce     0x21e5 build/fs.o
                0x00000000c000740b                path_parse
                0x00000000c0007461                path_depth_cnt
                0x00000000c00074fc                search_file
                0x00000000c000778b                sys_open
                0x00000000c0007a38                sys_close
                0x00000000c0007a8d                sys_write
                0x00000000c0007b77                sys_read
                0x00000000c0007c5a                sys_lseek
                0x00000000c0007d47                sys_unlink
                0x00000000c0007f69                sys_mkdir
                0x00000000c0008382                sys_opendir
                0x00000000c000849b                sys_closedir
                0x00000000c00084c5                sys_readdir
                0x00000000c0008502                sys_rewinddir
                0x00000000c0008511                sys_rmdir
                0x00000000c00088b7                sys_getcwd
                0x00000000c0008adb                sys_chdir
                0x00000000c0008b69                sys_stat
                0x00000000c0008c90                sys_putchar
                0x00000000c0008cad                filesys_init
 .text          0x00000000c0008eb3     0x1197 build/file.o
                0x00000000c0008eb3                get_free_slot_in_global
                0x00000000c0008f03                pcb_fd_install
                0x00000000c0008f6c                inode_bitmap_alloc
                0x00000000c0008fba                block_bitmap_alloc
                0x00000000c0009013                file_create
                0x00000000c00092e8                file_open
                0x00000000c00093f0                file_close
                0x00000000c000942f                file_write
                0x00000000c0009c30                file_read
                0x00000000c0009fb6                bitmap_sync
 .text          0x00000000c000a04a      0xf6b build/dir.o
                0x00000000c000a04a                open_root_dir
                0x00000000c000a079                dir_open
                0x00000000c000a0b4                search_dir_entry
                0x00000000c000a296                dir_close
                0x00000000c000a2c1                create_dir_entry
                0x00000000c000a337                sync_dir_entry
                0x00000000c000a7bb                delete_dir_entry
                0x00000000c000acab                dir_read
                0x00000000c000aec1                dir_is_empty
                0x00000000c000aeec                dir_remove
 .text          0x00000000c000afb5      0x7ef build/inode.o
                0x00000000c000b059                inode_sync
                0x00000000c000b1cd                inode_open
                0x00000000c000b328                inode_close
                0x00000000c000b399                inode_delete
                0x00000000c000b4c6                inode_release
                0x00000000c000b74f                inode_init
 .text          0x00000000c000b7a4      0x537 build/fork.o
                0x00000000c000bba3                sys_fork
 .text          0x00000000c000bcdb      0x508 build/shell.o
                0x00000000c000bcdb                print_prompt
                0x00000000c000bf17                my_shell
 .text          0x00000000c000c1e3      0x8e1 build/buildin_cmd.o
                0x00000000c000c367                make_clear_abs_path
                0x00000000c000c42a                buildin_pwd
                0x00000000c000c480                buildin_cd
                0x00000000c000c500                buildin_ls
                0x00000000c000c8c2                buildin_ps
                0x00000000c000c8e3                buildin_clear
                0x00000000c000c90b                buildin_mkdir
                0x00000000c000c990                buildin_rmdir
                0x00000000c000ca17                buildin_rm
                0x00000000c000ca9b                buildin_tianjiao
 *(.gnu.warning)

.fini
 *(SORT(.fini))
                [!provide]                        PROVIDE (__etext, .)
                [!provide]                        PROVIDE (_etext, .)
                [!provide]                        PROVIDE (etext, .)

.rodata         0x00000000c000cac4     0x26a8
 *(.rodata .rodata.* .gnu.linkonce.r.*)
 .rodata        0x00000000c000cac4       0x52 build/main.o
 .rodata        0x00000000c000cb16        0xa build/init.o
 .rodata        0x00000000c000cb20      0x2c1 build/interrupt.o
 *fill*         0x00000000c000cde1        0x3 
 .rodata        0x00000000c000cde4       0x87 build/timer.o
 .rodata        0x00000000c000ce6b       0x43 build/debug.o
 .rodata        0x00000000c000ceae       0xa2 build/string.o
 .rodata        0x00000000c000cf50       0x68 build/bitmap.o
 .rodata        0x00000000c000cfb8      0x38c build/memory.o
 .rodata        0x00000000c000d344      0x39c build/thread.o
 .rodata        0x00000000c000d6e0      0x12b build/sync.o
 .rodata        0x00000000c000d80b       0x36 build/keyboard.o
 *fill*         0x00000000c000d841        0x3 
 .rodata        0x00000000c000d844       0x9d build/ioqueue.o
 .rodata        0x00000000c000d8e1       0x27 build/tss.o
 .rodata        0x00000000c000d908       0xdd build/process.o
 .rodata        0x00000000c000d9e5       0x27 build/syscall-init.o
 .rodata        0x00000000c000da0c      0x1d9 build/ide.o
 *fill*         0x00000000c000dbe5        0x3 
 .rodata        0x00000000c000dbe8      0x87b build/fs.o
 *fill*         0x00000000c000e463        0x1 
 .rodata        0x00000000c000e464      0x448 build/file.o
 .rodata        0x00000000c000e8ac      0x203 build/dir.o
 *fill*         0x00000000c000eaaf        0x1 
 .rodata        0x00000000c000eab0       0xbb build/inode.o
 *fill*         0x00000000c000eb6b        0x1 
 .rodata        0x00000000c000eb6c      0x142 build/fork.o
 *fill*         0x00000000c000ecae        0x2 
 .rodata        0x00000000c000ecb0      0x13b build/shell.o
 *fill*         0x00000000c000edeb        0x1 
 .rodata        0x00000000c000edec      0x380 build/buildin_cmd.o

.rodata1
 *(.rodata1)

.eh_frame_hdr
 *(.eh_frame_hdr)
 *(.eh_frame_entry .eh_frame_entry.*)

.eh_frame       0x00000000c000f16c     0x1ed0
 *(.eh_frame)
 .eh_frame      0x00000000c000f16c       0x54 build/main.o
 .eh_frame      0x00000000c000f1c0       0x20 build/init.o
                                         0x38 (size before relaxing)
 .eh_frame      0x00000000c000f1e0      0x188 build/interrupt.o
                                        0x1a0 (size before relaxing)
 .eh_frame      0x00000000c000f368       0xcc build/timer.o
                                         0xe4 (size before relaxing)
 .eh_frame      0x00000000c000f434       0x1c build/debug.o
                                         0x34 (size before relaxing)
 .eh_frame      0x00000000c000f450      0x140 build/string.o
                                        0x158 (size before relaxing)
 .eh_frame      0x00000000c000f590       0x8c build/bitmap.o
                                         0xa4 (size before relaxing)
 .eh_frame      0x00000000c000f61c      0x2c0 build/memory.o
                                        0x2d8 (size before relaxing)
 .eh_frame      0x00000000c000f8dc      0x21c build/thread.o
                                        0x234 (size before relaxing)
 .eh_frame      0x00000000c000faf8      0x140 build/list.o
                                        0x158 (size before relaxing)
 .eh_frame      0x00000000c000fc38       0xc8 build/sync.o
                                         0xe0 (size before relaxing)
 .eh_frame      0x00000000c000fd00       0xc0 build/console.o
                                         0xd8 (size before relaxing)
 .eh_frame      0x00000000c000fdc0       0x60 build/keyboard.o
                                         0x78 (size before relaxing)
 .eh_frame      0x00000000c000fe20      0x100 build/ioqueue.o
                                        0x118 (size before relaxing)
 .eh_frame      0x00000000c000ff20       0x64 build/tss.o
                                         0x7c (size before relaxing)
 .eh_frame      0x00000000c000ff84       0xc0 build/process.o
                                         0xd8 (size before relaxing)
 .eh_frame      0x00000000c0010044      0x308 build/syscall.o
                                        0x320 (size before relaxing)
 .eh_frame      0x00000000c001034c       0x40 build/syscall-init.o
                                         0x58 (size before relaxing)
 .eh_frame      0x00000000c001038c       0x94 build/stdio.o
                                         0xac (size before relaxing)
 .eh_frame      0x00000000c0010420      0x258 build/ide.o
                                        0x270 (size before relaxing)
 .eh_frame      0x00000000c0010678       0x28 build/stdio-kernel.o
                                         0x40 (size before relaxing)
 .eh_frame      0x00000000c00106a0      0x35c build/fs.o
                                        0x374 (size before relaxing)
 .eh_frame      0x00000000c00109fc      0x140 build/file.o
                                        0x158 (size before relaxing)
 .eh_frame      0x00000000c0010b3c      0x164 build/dir.o
                                        0x17c (size before relaxing)
 .eh_frame      0x00000000c0010ca0       0xec build/inode.o
                                        0x104 (size before relaxing)
 .eh_frame      0x00000000c0010d8c       0xc0 build/fork.o
                                         0xd8 (size before relaxing)
 .eh_frame      0x00000000c0010e4c       0x7c build/shell.o
                                         0x94 (size before relaxing)
 .eh_frame      0x00000000c0010ec8      0x174 build/buildin_cmd.o
                                        0x18c (size before relaxing)
 *(.eh_frame.*)

.gcc_except_table
 *(.gcc_except_table .gcc_except_table.*)

.gnu_extab
 *(.gnu_extab*)

.exception_ranges
 *(.exception_ranges .exception_ranges*)
                0x00000000c0013000                . = DATA_SEGMENT_ALIGN (0x1000, 0x1000)

.eh_frame
 *(.eh_frame)
 *(.eh_frame.*)

.gnu_extab
 *(.gnu_extab)

.gcc_except_table
 *(.gcc_except_table .gcc_except_table.*)

.exception_ranges
 *(.exception_ranges .exception_ranges*)

.tdata
 *(.tdata .tdata.* .gnu.linkonce.td.*)

.tbss
 *(.tbss .tbss.* .gnu.linkonce.tb.*)
 *(.tcommon)

.preinit_array  0x00000000c0013000        0x0
                [!provide]                        PROVIDE (__preinit_array_start, .)
 *(.preinit_array)
                [!provide]                        PROVIDE (__preinit_array_end, .)

.init_array     0x00000000c0013000        0x0
                [!provide]                        PROVIDE (__init_array_start, .)
 *(SORT(.init_array.*) SORT(.ctors.*))
 *(.init_array EXCLUDE_FILE(*crtend?.o *crtend.o *crtbegin?.o *crtbegin.o) .ctors)
                [!provide]                        PROVIDE (__init_array_end, .)

.fini_array     0x00000000c0013000        0x0
                [!provide]                        PROVIDE (__fini_array_start, .)
 *(SORT(.fini_array.*) SORT(.dtors.*))
 *(.fini_array EXCLUDE_FILE(*crtend?.o *crtend.o *crtbegin?.o *crtbegin.o) .dtors)
                [!provide]                        PROVIDE (__fini_array_end, .)

.ctors
 *crtbegin.o(.ctors)
 *crtbegin?.o(.ctors)
 *(EXCLUDE_FILE(*crtend?.o *crtend.o) .ctors)
 *(SORT(.ctors.*))
 *(.ctors)

.dtors
 *crtbegin.o(.dtors)
 *crtbegin?.o(.dtors)
 *(EXCLUDE_FILE(*crtend?.o *crtend.o) .dtors)
 *(SORT(.dtors.*))
 *(.dtors)

.jcr
 *(.jcr)

.data.rel.ro
 *(.data.rel.ro.local* .gnu.linkonce.d.rel.ro.local.*)
 *(.data.rel.ro .data.rel.ro.* .gnu.linkonce.d.rel.ro.*)

.dynamic
 *(.dynamic)

.got
 *(.got)
 *(.igot)
                0x00000000c0013000                . = DATA_SEGMENT_RELRO_END (., (SIZEOF (.got.plt) >= 0xc)?0xc:0x0)

.got.plt        0x00000000c0013000        0x0
 *(.got.plt)
 *(.igot.plt)

.data           0x00000000c0013000      0x734
 *(.data .data.* .gnu.linkonce.d.*)
 .data          0x00000000c0013000        0x0 build/main.o
 .data          0x00000000c0013000        0x0 build/init.o
 .data          0x00000000c0013000        0x0 build/interrupt.o
 .data          0x00000000c0013000        0x0 build/timer.o
 .data          0x00000000c0013000       0xd1 build/kernel.o
                0x00000000c0013011                intr_entry_table
 *fill*         0x00000000c00130d1        0x3 
 .data          0x00000000c00130d4        0x8 build/print.o
 .data          0x00000000c00130dc        0x0 build/debug.o
 .data          0x00000000c00130dc        0x0 build/string.o
 .data          0x00000000c00130dc        0x0 build/bitmap.o
 .data          0x00000000c00130dc        0x0 build/memory.o
 .data          0x00000000c00130dc        0x0 build/thread.o
 .data          0x00000000c00130dc        0x0 build/list.o
 .data          0x00000000c00130dc        0x0 build/sync.o
 .data          0x00000000c00130dc        0x0 build/console.o
 *fill*         0x00000000c00130dc        0x4 
 .data          0x00000000c00130e0       0x76 build/keyboard.o
 .data          0x00000000c0013156        0x0 build/ioqueue.o
 .data          0x00000000c0013156        0x0 build/tss.o
 .data          0x00000000c0013156        0x0 build/process.o
 .data          0x00000000c0013156        0x0 build/syscall.o
 .data          0x00000000c0013156        0x0 build/syscall-init.o
 .data          0x00000000c0013156        0x0 build/stdio.o
 .data          0x00000000c0013156        0x0 build/ide.o
 .data          0x00000000c0013156        0x0 build/stdio-kernel.o
 .data          0x00000000c0013156        0x0 build/fs.o
 .data          0x00000000c0013156        0x0 build/file.o
 .data          0x00000000c0013156        0x0 build/dir.o
 .data          0x00000000c0013156        0x0 build/inode.o
 .data          0x00000000c0013156        0x0 build/fork.o
 *fill*         0x00000000c0013156        0x2 
 .data          0x00000000c0013158        0x4 build/shell.o
                0x00000000c0013158                argc
 *fill*         0x00000000c001315c        0x4 
 .data          0x00000000c0013160      0x5d4 build/buildin_cmd.o
                0x00000000c0013160                tianasc
                0x00000000c0013260                tianasc2
                0x00000000c0013520                tianasc3

.data1
 *(.data1)
                0x00000000c0013734                _edata = .
                [!provide]                        PROVIDE (edata, .)
                0x00000000c0013734                . = .
                0x00000000c0013734                __bss_start = .

.bss            0x00000000c0013740     0x2280
 *(.dynbss)
 *(.bss .bss.* .gnu.linkonce.b.*)
 .bss           0x00000000c0013740        0x0 build/main.o
 .bss           0x00000000c0013740        0x0 build/init.o
 .bss           0x00000000c0013740      0x408 build/interrupt.o
 .bss           0x00000000c0013b48        0x0 build/timer.o
 .bss           0x00000000c0013b48        0x0 build/debug.o
 .bss           0x00000000c0013b48        0x0 build/string.o
 .bss           0x00000000c0013b48        0x0 build/bitmap.o
 .bss           0x00000000c0013b48        0x0 build/memory.o
 .bss           0x00000000c0013b48        0x6 build/thread.o
 .bss           0x00000000c0013b4e        0x0 build/list.o
 .bss           0x00000000c0013b4e        0x0 build/sync.o
 *fill*         0x00000000c0013b4e        0x2 
 .bss           0x00000000c0013b50       0x1c build/console.o
 .bss           0x00000000c0013b6c       0x14 build/keyboard.o
 .bss           0x00000000c0013b80        0x0 build/ioqueue.o
 .bss           0x00000000c0013b80        0x0 build/tss.o
 .bss           0x00000000c0013b80        0x0 build/process.o
 .bss           0x00000000c0013b80        0x0 build/syscall.o
 .bss           0x00000000c0013b80        0x0 build/syscall-init.o
 .bss           0x00000000c0013b80        0x0 build/stdio.o
 .bss           0x00000000c0013b80        0x6 build/ide.o
                0x00000000c0013b80                ext_lba_base
                0x00000000c0013b84                p_no
                0x00000000c0013b85                l_no
 .bss           0x00000000c0013b86        0x0 build/stdio-kernel.o
 .bss           0x00000000c0013b86        0x0 build/fs.o
 .bss           0x00000000c0013b86        0x0 build/file.o
 .bss           0x00000000c0013b86        0x0 build/dir.o
 .bss           0x00000000c0013b86        0x0 build/inode.o
 .bss           0x00000000c0013b86        0x0 build/fork.o
 *fill*         0x00000000c0013b86       0x1a 
 .bss           0x00000000c0013ba0      0x600 build/shell.o
                0x00000000c0013ba0                final_path
                0x00000000c0013da0                cwd_cache
 .bss           0x00000000c00141a0        0x0 build/buildin_cmd.o
 *(COMMON)
 COMMON         0x00000000c00141a0      0x424 build/interrupt.o
                0x00000000c00141a0                intr_name
                0x00000000c00143c0                idt_table
 COMMON         0x00000000c00145c4        0x4 build/timer.o
                0x00000000c00145c4                ticks
 *fill*         0x00000000c00145c8       0x18 
 COMMON         0x00000000c00145e0      0x12c build/memory.o
                0x00000000c00145e0                user_pool
                0x00000000c0014620                k_block_descs
                0x00000000c00146c8                kernel_vaddr
                0x00000000c00146e0                kernel_pool
 COMMON         0x00000000c001470c       0x44 build/thread.o
                0x00000000c001470c                thread_ready_list
                0x00000000c001471c                thread_all_list
                0x00000000c001472c                idle_thread
                0x00000000c0014730                main_thread
                0x00000000c0014734                pid_lock
 *fill*         0x00000000c0014750       0x10 
 COMMON         0x00000000c0014760       0x6c build/keyboard.o
                0x00000000c0014760                kbd_buf
 *fill*         0x00000000c00147cc       0x14 
 COMMON         0x00000000c00147e0       0x6c build/tss.o
                0x00000000c00147e0                tss
 *fill*         0x00000000c001484c       0x14 
 COMMON         0x00000000c0014860       0x80 build/syscall-init.o
                0x00000000c0014860                syscall_table
 COMMON         0x00000000c00148e0      0xcf0 build/ide.o
                0x00000000c00148e0                channel_cnt
                0x00000000c0014900                channels
                0x00000000c00155c0                partition_list
 COMMON         0x00000000c00155d0        0x4 build/fs.o
                0x00000000c00155d0                cur_part
 *fill*         0x00000000c00155d4        0xc 
 COMMON         0x00000000c00155e0      0x180 build/file.o
                0x00000000c00155e0                file_table
 COMMON         0x00000000c0015760      0x208 build/dir.o
                0x00000000c0015760                root_dir
 *fill*         0x00000000c0015968       0x18 
 COMMON         0x00000000c0015980       0x40 build/shell.o
                0x00000000c0015980                argv
                0x00000000c00159c0                . = ALIGN ((. != 0x0)?0x4:0x1)
                0x00000000c00159c0                . = ALIGN (0x4)
                0x00000000c00159c0                . = SEGMENT_START ("ldata-segment", .)
                0x00000000c00159c0                . = ALIGN (0x4)
                0x00000000c00159c0                _end = .
                [!provide]                        PROVIDE (end, .)
                0x00000000c00159c0                . = DATA_SEGMENT_END (.)

.stab
 *(.stab)

.stabstr
 *(.stabstr)

.stab.excl
 *(.stab.excl)

.stab.exclstr
 *(.stab.exclstr)

.stab.index
 *(.stab.index)

.stab.indexstr
 *(.stab.indexstr)

.comment        0x0000000000000000       0x2d
 *(.comment)
 .comment       0x0000000000000000       0x2d build/main.o
                                         0x2e (size before relaxing)
 .comment       0x000000000000002d       0x2e build/init.o
 .comment       0x000000000000002d       0x2e build/interrupt.o
 .comment       0x000000000000002d       0x2e build/timer.o
 .comment       0x000000000000002d       0x2e build/debug.o
 .comment       0x000000000000002d       0x2e build/string.o
 .comment       0x000000000000002d       0x2e build/bitmap.o
 .comment       0x000000000000002d       0x2e build/memory.o
 .comment       0x000000000000002d       0x2e build/thread.o
 .comment       0x000000000000002d       0x2e build/list.o
 .comment       0x000000000000002d       0x2e build/sync.o
 .comment       0x000000000000002d       0x2e build/console.o
 .comment       0x000000000000002d       0x2e build/keyboard.o
 .comment       0x000000000000002d       0x2e build/ioqueue.o
 .comment       0x000000000000002d       0x2e build/tss.o
 .comment       0x000000000000002d       0x2e build/process.o
 .comment       0x000000000000002d       0x2e build/syscall.o
 .comment       0x000000000000002d       0x2e build/syscall-init.o
 .comment       0x000000000000002d       0x2e build/stdio.o
 .comment       0x000000000000002d       0x2e build/ide.o
 .comment       0x000000000000002d       0x2e build/stdio-kernel.o
 .comment       0x000000000000002d       0x2e build/fs.o
 .comment       0x000000000000002d       0x2e build/file.o
 .comment       0x000000000000002d       0x2e build/dir.o
 .comment       0x000000000000002d       0x2e build/inode.o
 .comment       0x000000000000002d       0x2e build/fork.o
 .comment       0x000000000000002d       0x2e build/shell.o
 .comment       0x000000000000002d       0x2e build/buildin_cmd.o

.debug
 *(.debug)

.line
 *(.line)

.debug_srcinfo
 *(.debug_srcinfo)

.debug_sfnames
 *(.debug_sfnames)

.debug_aranges
 *(.debug_aranges)

.debug_pubnames
 *(.debug_pubnames)

.debug_info
 *(.debug_info .gnu.linkonce.wi.*)

.debug_abbrev
 *(.debug_abbrev)

.debug_line
 *(.debug_line .debug_line.* .debug_line_end)

.debug_frame
 *(.debug_frame)

.debug_str
 *(.debug_str)

.debug_loc
 *(.debug_loc)

.debug_macinfo
 *(.debug_macinfo)

.debug_weaknames
 *(.debug_weaknames)

.debug_funcnames
 *(.debug_funcnames)

.debug_typenames
 *(.debug_typenames)

.debug_varnames
 *(.debug_varnames)

.debug_pubtypes
 *(.debug_pubtypes)

.debug_ranges
 *(.debug_ranges)

.debug_macro
 *(.debug_macro)

.gnu.attributes
 *(.gnu.attributes)

/DISCARD/
 *(.note.GNU-stack)
 *(.gnu_debuglink)
 *(.gnu.lto_*)
OUTPUT(build/kernel.bin elf32-i386)
